> # Wariant 1
> 
> library("neuralnet")
> 
> #Going to create a neural network to perform this function
> my_function <- function(x) {
+   result <- x^3 + 2 * x
+ }
> 
> 
> #And store values of x as a dataframe
> traininginput <-  as.data.frame(round(runif(50, min=0, max=100)))
> trainingoutput <- my_function(traininginput)
> 
> #Column bind the data into one variable
> trainingdata <- cbind(traininginput,trainingoutput)
> colnames(trainingdata) <- c("x","y")
> 
> # Maybe i should scale
> 
> maxs <- apply(trainingdata, 2, max) 
> mins <- apply(trainingdata, 2, min)
> 
> trainingdata <- as.data.frame(scale(trainingdata[,1:2], center = mins, scale = maxs-mins))
> 
> #Train the neural network
> #Going to have 10 hidden layers
> 
> # y~I(x^3 + 2*x) nie dziala
> 
> 
> net.myfunction <- neuralnet(y~x, trainingdata, hidden=c(10, 10, 10), threshold=0.01)
> print(net.myfunction)
$call
neuralnet(formula = y ~ x, data = trainingdata, hidden = c(10, 
    10, 10), threshold = 0.01)

$response
             y
1  0.012139446
2  0.132664019
3  0.729014686
4  0.830593684
5  0.063999808
6  0.125011998
7  0.166391702
8  0.046650029
9  0.021933193
10 0.021933193
11 0.166391702
12 0.012139446
13 0.421898997
14 0.250068991
15 1.000000000
16 0.166391702
17 0.110601843
18 0.636074582
19 0.531462973
20 0.274647845
21 0.013798234
22 0.007966980
23 0.238349491
24 0.125011998
25 0.328532948
26 0.140622000
27 0.110601843
28 0.262166443
29 0.185211293
30 0.205398709
31 0.778700326
32 0.185211293
33 0.000155980
34 0.314455750
35 0.000000000
36 0.729014686
37 0.175633519
38 0.262166443
39 0.157479843
40 0.681488769
41 0.091131335
42 0.079510823
43 0.010618641
44 0.097343540
45 0.658520709
46 0.029777189
47 0.002150725
48 0.026984546
49 0.531462973
50 0.287519198

$covariate
                
 [1,] 0.19791667
 [2,] 0.48958333
 [3,] 0.89583333
 [4,] 0.93750000
 [5,] 0.37500000
 [6,] 0.47916667
 [7,] 0.53125000
 [8,] 0.33333333
 [9,] 0.25000000
[10,] 0.25000000
[11,] 0.53125000
[12,] 0.19791667
[13,] 0.73958333
[14,] 0.61458333
[15,] 1.00000000
[16,] 0.53125000
[17,] 0.45833333
[18,] 0.85416667
[19,] 0.80208333
[20,] 0.63541667
[21,] 0.20833333
[22,] 0.16666667
[23,] 0.60416667
[24,] 0.47916667
[25,] 0.67708333
[26,] 0.50000000
[27,] 0.45833333
[28,] 0.62500000
[29,] 0.55208333
[30,] 0.57291667
[31,] 0.91666667
[32,] 0.55208333
[33,] 0.02083333
[34,] 0.66666667
[35,] 0.00000000
[36,] 0.89583333
[37,] 0.54166667
[38,] 0.62500000
[39,] 0.52083333
[40,] 0.87500000
[41,] 0.42708333
[42,] 0.40625000
[43,] 0.18750000
[44,] 0.43750000
[45,] 0.86458333
[46,] 0.28125000
[47,] 0.09375000
[48,] 0.27083333
[49,] 0.80208333
[50,] 0.64583333

$model.list
$model.list$response
[1] "y"

$model.list$variables
[1] "x"


$err.fct
function (x, y) 
{
    1/2 * (y - x)^2
}
<bytecode: 0x000001d175865658>
<environment: 0x000001d17565fe00>
attr(,"type")
[1] "sse"

$act.fct
function (x) 
{
    1/(1 + exp(-x))
}
<bytecode: 0x000001d175864b20>
<environment: 0x000001d175660340>
attr(,"type")
[1] "logistic"

$linear.output
[1] TRUE

$data
            x           y
1  0.19791667 0.012139446
2  0.48958333 0.132664019
3  0.89583333 0.729014686
4  0.93750000 0.830593684
5  0.37500000 0.063999808
6  0.47916667 0.125011998
7  0.53125000 0.166391702
8  0.33333333 0.046650029
9  0.25000000 0.021933193
10 0.25000000 0.021933193
11 0.53125000 0.166391702
12 0.19791667 0.012139446
13 0.73958333 0.421898997
14 0.61458333 0.250068991
15 1.00000000 1.000000000
16 0.53125000 0.166391702
17 0.45833333 0.110601843
18 0.85416667 0.636074582
19 0.80208333 0.531462973
20 0.63541667 0.274647845
21 0.20833333 0.013798234
22 0.16666667 0.007966980
23 0.60416667 0.238349491
24 0.47916667 0.125011998
25 0.67708333 0.328532948
26 0.50000000 0.140622000
27 0.45833333 0.110601843
28 0.62500000 0.262166443
29 0.55208333 0.185211293
30 0.57291667 0.205398709
31 0.91666667 0.778700326
32 0.55208333 0.185211293
33 0.02083333 0.000155980
34 0.66666667 0.314455750
35 0.00000000 0.000000000
36 0.89583333 0.729014686
37 0.54166667 0.175633519
38 0.62500000 0.262166443
39 0.52083333 0.157479843
40 0.87500000 0.681488769
41 0.42708333 0.091131335
42 0.40625000 0.079510823
43 0.18750000 0.010618641
44 0.43750000 0.097343540
45 0.86458333 0.658520709
46 0.28125000 0.029777189
47 0.09375000 0.002150725
48 0.27083333 0.026984546
49 0.80208333 0.531462973
50 0.64583333 0.287519198

$exclude
NULL

$net.result
$net.result[[1]]
              [,1]
 [1,] 8.226681e-03
 [2,] 1.334111e-01
 [3,] 7.263050e-01
 [4,] 8.146528e-01
 [5,] 6.143851e-02
 [6,] 1.253972e-01
 [7,] 1.687036e-01
 [8,] 4.329266e-02
 [9,] 1.782820e-02
[10,] 1.782820e-02
[11,] 1.687036e-01
[12,] 8.226681e-03
[13,] 4.325125e-01
[14,] 2.559947e-01
[15,] 9.509072e-01
[16,] 1.687036e-01
[17,] 1.102988e-01
[18,] 6.413228e-01
[19,] 5.413537e-01
[20,] 2.815277e-01
[21,] 9.805107e-03
[22,] 4.416504e-03
[23,] 2.437994e-01
[24,] 1.253972e-01
[25,] 3.372385e-01
[26,] 1.417428e-01
[27,] 1.102988e-01
[28,] 2.685697e-01
[29,] 1.883734e-01
[30,] 2.094518e-01
[31,] 7.701283e-01
[32,] 1.883734e-01
[33,] 3.012058e-04
[34,] 3.227254e-01
[35,] 9.354178e-04
[36,] 7.263050e-01
[37,] 1.783652e-01
[38,] 2.685697e-01
[39,] 1.593833e-01
[40,] 6.833256e-01
[41,] 8.988627e-02
[42,] 7.769973e-02
[43,] 6.806742e-03
[44,] 9.640029e-02
[45,] 6.621942e-01
[46,] 2.580720e-02
[47,] 7.443474e-05
[48,] 2.294919e-02
[49,] 5.413537e-01
[50,] 2.948715e-01


$weights
$weights[[1]]
$weights[[1]][[1]]
           [,1]      [,2]       [,3]       [,4]       [,5]       [,6]      [,7]
[1,]  0.2784120 -1.282624 -0.5428926  0.6620609  0.6277495  0.4837059 -3.724511
[2,] -0.2073239  1.761292  1.2385072 -1.4926330 -1.8043472 -6.2276459 -5.970766
           [,8]      [,9]     [,10]
[1,]  0.8486578  1.600590 0.4536363
[2,] -1.3528402 -1.603317 0.2020861

$weights[[1]][[2]]
            [,1]         [,2]        [,3]       [,4]        [,5]       [,6]
 [1,]  0.7887018 -1.228790779 -1.96708066  0.8089665  0.06214196 -2.9611320
 [2,] -0.9456926 -0.801575556  0.71090559 -0.2333186  2.38771423  0.9688616
 [3,]  2.2637432  0.104484719  0.33526981  0.1375930 -0.31753729  1.6476313
 [4,]  0.4913357  0.059954109 -0.07049199  2.1860116  0.75101486  0.9181200
 [5,]  1.2522288 -0.763725329  1.38869998  0.1640823  0.28739379  2.0465839
 [6,] -6.1311581  0.707471132  0.91538279  1.2138788 -0.86224840  0.3155970
 [7,] -1.3071790  0.408770279 -0.22993630 -1.3768689  0.64962443 -1.2231277
 [8,]  1.2928643 -0.195755723  1.71109340  1.3255680  3.68589895 -4.6740360
 [9,]  0.5524534 -0.004141638  0.85030746  2.5809738 -0.07591783 -1.5167705
[10,] -1.5437351 -0.220674561 -0.89521924  1.0170148 -1.11034845  2.0707410
[11,] -0.2879788  1.000696412 -0.56856430 -0.4312690  0.56207643  0.9393856
               [,7]       [,8]       [,9]       [,10]
 [1,]  0.2211540920 -0.9071012  1.0236378  1.43369899
 [2,]  0.0819244152 -0.1715148  0.1418574  1.26191341
 [3,]  0.7098778532 -0.9155315  1.5599149 -1.54795332
 [4,]  2.0392048450  0.9769577  0.6062386 -2.31855300
 [5,] -0.5928992049  2.4544084 -3.3453443 -0.30856961
 [6,] -1.1027317024  1.3058556  0.9177626  0.45245514
 [7,]  2.2563743393 -0.7135257  1.0507182 -0.57818935
 [8,]  3.1068672354  0.8044055  1.2076909 -1.66679943
 [9,]  0.8134404560  0.2164882 -1.5646315  1.24474852
[10,]  0.0004710186  0.6184923 -1.2740500 -0.04701776
[11,] -1.3742666216 -0.8033007  0.1547240 -0.76651386

$weights[[1]][[3]]
             [,1]        [,2]       [,3]       [,4]        [,5]       [,6]
 [1,]  0.86835670 -0.60054840  2.0217218  0.1780007 -0.08734133  1.3201669
 [2,]  0.50207907 -0.30527324 -2.3468279  0.9101714  0.14225749 -0.5354348
 [3,] -0.41694106 -0.47239269  0.5423471  0.2536769  1.24166700  1.8462324
 [4,] -0.10401434 -0.30081244 -0.5212960  0.4253566 -2.35915019  0.4431155
 [5,]  0.02658249  0.17567236  0.8480007  0.6595959 -1.15347481  0.5064553
 [6,] -0.94062939  0.86695631 -0.4776593 -0.9606400 -0.30357365 -1.2644966
 [7,] -1.29160356 -1.49048164 -0.4893552  1.9898741 -0.60336671 -0.9873090
 [8,]  0.19964384  1.27443743 -0.4284312  0.9923715 -0.11807269 -1.2575634
 [9,]  2.53111993  0.38401944  0.5372977  0.4982578 -1.06984555  0.8147854
[10,] -0.02563107  0.22445124 -0.6525391  1.1756808 -0.12912348  0.8036463
[11,] -2.39670525 -0.05455351  1.4132805 -1.7874240 -0.54990216  0.7797111
             [,7]        [,8]       [,9]       [,10]
 [1,] -0.24774496 -1.17886690  0.8278430  1.02524756
 [2,]  0.04395796  1.25551089 -2.3243137 -0.72965915
 [3,] -0.05188781 -1.33891949  0.4665451  1.04200246
 [4,]  0.62422209 -0.75382713 -0.5944683  0.37647680
 [5,] -0.76599899  1.98443001  3.2915352 -0.68949580
 [6,] -2.64746042  0.27859076 -0.2615775  1.75315597
 [7,]  1.82059346 -0.02949085  1.6805136  0.29234672
 [8,]  1.05809401 -0.23506447 -0.4353769 -0.01123373
 [9,]  0.22329465 -1.16650050 -1.3099347 -1.03324685
[10,] -0.18456655  0.16711806 -2.8713614  1.04880522
[11,]  0.97637619 -1.71696895  1.2065368 -0.19688636

$weights[[1]][[4]]
             [,1]
 [1,]  0.96174737
 [2,]  0.22989038
 [3,]  0.22795527
 [4,] -0.66886654
 [5,] -0.91029111
 [6,] -0.06060081
 [7,] -0.02774052
 [8,]  0.43835707
 [9,]  2.21989554
[10,] -1.01641148
[11,]  0.89099221



$generalized.weights
$generalized.weights[[1]]
            [,1]
 [1,]  17.627099
 [2,]   6.785565
 [3,]  10.485494
 [4,]  14.249819
 [5,]   8.375135
 [6,]   6.877519
 [7,]   6.496177
 [8,]   9.402547
 [9,]  12.981392
[10,]  12.981392
[11,]   6.496177
[12,]  17.627099
[13,]   6.663567
[14,]   6.242310
[15,]  47.064598
[16,]   6.496177
[17,]   7.087801
[18,]   8.654165
[19,]   7.423624
[20,]   6.241381
[21,]  16.411563
[22,]  22.963845
[23,]   6.252110
[24,]   6.877519
[25,]   6.317683
[26,]   6.701812
[27,]   7.087801
[28,]   6.238710
[29,]   6.394271
[30,]   6.318577
[31,]  11.983927
[32,]   6.394271
[33,] -84.275840
[34,]   6.288354
[35,] -37.753818
[36,]  10.485494
[37,]   6.441862
[38,]   6.238710
[39,]   6.557431
[40,]   9.430081
[41,]   7.477354
[42,]   7.794532
[43,]  19.068624
[44,]   7.336779
[45,]   9.014025
[46,]  11.302509
[47,] 313.713278
[48,]  11.803728
[49,]   7.423624
[50,]   6.250433


$startweights
$startweights[[1]]
$startweights[[1]][[1]]
           [,1]      [,2]       [,3]      [,4]       [,5]       [,6]       [,7]
[1,] -0.7031437 0.4215707 -0.4035709 0.6635115  0.5916360 -0.1296023 -1.6102771
[2,] -0.7053622 1.7757722  0.7847067 1.2079802 -0.3484277 -0.4200646  0.8372595
           [,8]     [,9]      [,10]
[1,]  0.8197205 1.266883  0.5299270
[2,] -0.1295900 1.000554 -0.4698025

$startweights[[1]][[2]]
              [,1]        [,2]        [,3]        [,4]        [,5]       [,6]
 [1,]  1.080773760 -1.25090109 -1.98408000  0.82664453  0.07798498 -3.4024160
 [2,] -0.409476044 -0.86059992  0.64750258 -0.09579206  2.40310818  0.9205615
 [3,]  2.295311704  0.18414578  0.36821404  0.13166276 -0.38351237  0.6644306
 [4,]  0.522935927  0.13832408 -0.03762402  2.18702566  0.68571315 -0.3995836
 [5,]  1.332048831 -0.77699928  1.37168909  0.14181147  0.26732265  1.2537850
 [6,] -1.469930736  0.67550776  0.88934432  1.32658733 -0.83340339  1.1654324
 [7,] -1.010125740  0.43481103 -0.26146308 -1.35215515  0.46264399  0.2675055
 [8,]  1.497591043  1.15189878  1.79817638  0.96591537  0.37946589 -1.6303563
 [9,]  1.211863617 -0.03246056  0.82178834  2.64408806 -0.05688512 -1.4459046
[10,] -1.464187091 -0.22277089 -0.91223014  1.01481671 -1.09450544  1.2779421
[11,]  0.004093142  0.98425872 -0.60065910 -0.41359089  0.58902653  0.6383906
              [,7]       [,8]       [,9]       [,10]
 [1,]  0.601296824 -0.8828070  1.0491009  1.29822717
 [2,]  0.579775436 -0.2013768  0.2121038  0.45818221
 [3,]  0.937823000 -0.9133241  1.5535916 -1.58228516
 [4,]  2.215017422  0.9756175  0.5399735 -2.32849344
 [5,] -0.254761463  2.4402167 -3.3310270 -0.35291387
 [6,] -0.719447689  1.2402110  0.9491795  0.09989678
 [7,]  0.008497683 -0.7202234  1.0454262 -0.71282145
 [8,] -0.668414679  0.7724757  1.0316569 -1.35952298
 [9,]  1.227734974  0.1753904 -1.5363083  0.89653076
[10,]  0.322707779  0.6007143 -1.2605245 -0.11565094
[11,] -0.932362502 -0.8011775  0.1563314 -0.90198568

$startweights[[1]][[3]]
             [,1]       [,2]        [,3]       [,4]        [,5]       [,6]
 [1,]  0.92348463 -0.5762245  2.07002475  0.1129277 -0.06174150  1.3188267
 [2,]  0.46549377 -0.3075384 -0.60299142  0.8731642  0.25813425 -0.5211851
 [3,] -0.33005801 -0.4481297  0.59064997  0.3141404  1.38893685  1.8448922
 [4,] -0.05690260 -0.2824886 -0.33093398  0.5623421 -2.37883405  0.4282113
 [5,]  0.08171043  0.1999963  0.89241640  0.5908344 -1.12787498  0.5051151
 [6,] -0.89568503  0.8699764 -0.42935637 -1.0759399 -0.16638150 -1.2866069
 [7,] -1.29816417 -1.4999670 -0.44493956  1.9082409 -0.56638188 -0.9885521
 [8,]  0.20469653  1.2757776 -0.20779037  0.9640639 -0.07413599 -1.1894107
 [9,]  2.55456670  0.3942978  0.53595755  0.4143613 -1.09195586  0.8125493
[10,]  0.03359200  0.1609560 -0.06643721  1.1055008  1.02736754  0.8442667
[11,] -1.82812569  0.1606477  1.27964129 -0.1576249 -1.05400829  0.5267409
             [,7]        [,8]       [,9]       [,10]
 [1,] -0.22326665 -1.17684385  0.8825483  1.03493098
 [2,]  0.04170273  1.25238648 -0.5725084 -0.72765659
 [3,] -0.02206679 -1.31306782  0.5286005  1.06667668
 [4,]  0.64254597 -0.73687348 -0.3898402  0.38568386
 [5,] -0.74152068  1.98645307  3.3448677 -0.67479279
 [6,] -2.65047936  0.30399124 -0.2616755  1.76542531
 [7,]  1.82875350 -0.02746232  1.7338460  0.30146778
 [8,]  1.05136832 -0.23372428 -0.1829290 -0.07720881
 [9,]  0.23840015 -1.15043793 -1.3025674 -1.01466758
[10,] -0.22589089  0.16796579 -1.1458392  1.07400928
[11,]  1.19157743 -1.42887493  1.0757053 -0.02763645

$startweights[[1]][[4]]
               [,1]
 [1,]  0.9860712750
 [2,]  0.2311334358
 [3,]  0.2491779609
 [4,] -0.6443882327
 [5,] -0.8859672117
 [6,] -0.0862006466
 [7,] -0.0004137597
 [8,]  0.4474781291
 [9,]  2.2071618133
[10,] -0.9920875814
[11,]  0.9182517551



$result.matrix
                                [,1]
error                   1.865760e-03
reached.threshold       9.150138e-03
steps                   1.280000e+02
Intercept.to.1layhid1   2.784120e-01
x.to.1layhid1          -2.073239e-01
Intercept.to.1layhid2  -1.282624e+00
x.to.1layhid2           1.761292e+00
Intercept.to.1layhid3  -5.428926e-01
x.to.1layhid3           1.238507e+00
Intercept.to.1layhid4   6.620609e-01
x.to.1layhid4          -1.492633e+00
Intercept.to.1layhid5   6.277495e-01
x.to.1layhid5          -1.804347e+00
Intercept.to.1layhid6   4.837059e-01
x.to.1layhid6          -6.227646e+00
Intercept.to.1layhid7  -3.724511e+00
x.to.1layhid7          -5.970766e+00
Intercept.to.1layhid8   8.486578e-01
x.to.1layhid8          -1.352840e+00
Intercept.to.1layhid9   1.600590e+00
x.to.1layhid9          -1.603317e+00
Intercept.to.1layhid10  4.536363e-01
x.to.1layhid10          2.020861e-01
Intercept.to.2layhid1   7.887018e-01
1layhid1.to.2layhid1   -9.456926e-01
1layhid2.to.2layhid1    2.263743e+00
1layhid3.to.2layhid1    4.913357e-01
1layhid4.to.2layhid1    1.252229e+00
1layhid5.to.2layhid1   -6.131158e+00
1layhid6.to.2layhid1   -1.307179e+00
1layhid7.to.2layhid1    1.292864e+00
1layhid8.to.2layhid1    5.524534e-01
1layhid9.to.2layhid1   -1.543735e+00
1layhid10.to.2layhid1  -2.879788e-01
Intercept.to.2layhid2  -1.228791e+00
1layhid1.to.2layhid2   -8.015756e-01
1layhid2.to.2layhid2    1.044847e-01
1layhid3.to.2layhid2    5.995411e-02
1layhid4.to.2layhid2   -7.637253e-01
1layhid5.to.2layhid2    7.074711e-01
1layhid6.to.2layhid2    4.087703e-01
1layhid7.to.2layhid2   -1.957557e-01
1layhid8.to.2layhid2   -4.141638e-03
1layhid9.to.2layhid2   -2.206746e-01
1layhid10.to.2layhid2   1.000696e+00
Intercept.to.2layhid3  -1.967081e+00
1layhid1.to.2layhid3    7.109056e-01
1layhid2.to.2layhid3    3.352698e-01
1layhid3.to.2layhid3   -7.049199e-02
1layhid4.to.2layhid3    1.388700e+00
1layhid5.to.2layhid3    9.153828e-01
1layhid6.to.2layhid3   -2.299363e-01
1layhid7.to.2layhid3    1.711093e+00
1layhid8.to.2layhid3    8.503075e-01
1layhid9.to.2layhid3   -8.952192e-01
1layhid10.to.2layhid3  -5.685643e-01
Intercept.to.2layhid4   8.089665e-01
1layhid1.to.2layhid4   -2.333186e-01
1layhid2.to.2layhid4    1.375930e-01
1layhid3.to.2layhid4    2.186012e+00
1layhid4.to.2layhid4    1.640823e-01
1layhid5.to.2layhid4    1.213879e+00
1layhid6.to.2layhid4   -1.376869e+00
1layhid7.to.2layhid4    1.325568e+00
1layhid8.to.2layhid4    2.580974e+00
1layhid9.to.2layhid4    1.017015e+00
1layhid10.to.2layhid4  -4.312690e-01
Intercept.to.2layhid5   6.214196e-02
1layhid1.to.2layhid5    2.387714e+00
1layhid2.to.2layhid5   -3.175373e-01
1layhid3.to.2layhid5    7.510149e-01
1layhid4.to.2layhid5    2.873938e-01
1layhid5.to.2layhid5   -8.622484e-01
1layhid6.to.2layhid5    6.496244e-01
1layhid7.to.2layhid5    3.685899e+00
1layhid8.to.2layhid5   -7.591783e-02
1layhid9.to.2layhid5   -1.110348e+00
1layhid10.to.2layhid5   5.620764e-01
Intercept.to.2layhid6  -2.961132e+00
1layhid1.to.2layhid6    9.688616e-01
1layhid2.to.2layhid6    1.647631e+00
1layhid3.to.2layhid6    9.181200e-01
1layhid4.to.2layhid6    2.046584e+00
1layhid5.to.2layhid6    3.155970e-01
1layhid6.to.2layhid6   -1.223128e+00
1layhid7.to.2layhid6   -4.674036e+00
1layhid8.to.2layhid6   -1.516771e+00
1layhid9.to.2layhid6    2.070741e+00
1layhid10.to.2layhid6   9.393856e-01
Intercept.to.2layhid7   2.211541e-01
1layhid1.to.2layhid7    8.192442e-02
1layhid2.to.2layhid7    7.098779e-01
1layhid3.to.2layhid7    2.039205e+00
1layhid4.to.2layhid7   -5.928992e-01
1layhid5.to.2layhid7   -1.102732e+00
1layhid6.to.2layhid7    2.256374e+00
1layhid7.to.2layhid7    3.106867e+00
1layhid8.to.2layhid7    8.134405e-01
1layhid9.to.2layhid7    4.710186e-04
1layhid10.to.2layhid7  -1.374267e+00
Intercept.to.2layhid8  -9.071012e-01
1layhid1.to.2layhid8   -1.715148e-01
1layhid2.to.2layhid8   -9.155315e-01
1layhid3.to.2layhid8    9.769577e-01
1layhid4.to.2layhid8    2.454408e+00
1layhid5.to.2layhid8    1.305856e+00
1layhid6.to.2layhid8   -7.135257e-01
1layhid7.to.2layhid8    8.044055e-01
1layhid8.to.2layhid8    2.164882e-01
1layhid9.to.2layhid8    6.184923e-01
1layhid10.to.2layhid8  -8.033007e-01
Intercept.to.2layhid9   1.023638e+00
1layhid1.to.2layhid9    1.418574e-01
1layhid2.to.2layhid9    1.559915e+00
1layhid3.to.2layhid9    6.062386e-01
1layhid4.to.2layhid9   -3.345344e+00
1layhid5.to.2layhid9    9.177626e-01
1layhid6.to.2layhid9    1.050718e+00
1layhid7.to.2layhid9    1.207691e+00
1layhid8.to.2layhid9   -1.564631e+00
1layhid9.to.2layhid9   -1.274050e+00
1layhid10.to.2layhid9   1.547240e-01
Intercept.to.2layhid10  1.433699e+00
1layhid1.to.2layhid10   1.261913e+00
1layhid2.to.2layhid10  -1.547953e+00
1layhid3.to.2layhid10  -2.318553e+00
1layhid4.to.2layhid10  -3.085696e-01
1layhid5.to.2layhid10   4.524551e-01
1layhid6.to.2layhid10  -5.781894e-01
1layhid7.to.2layhid10  -1.666799e+00
1layhid8.to.2layhid10   1.244749e+00
1layhid9.to.2layhid10  -4.701776e-02
1layhid10.to.2layhid10 -7.665139e-01
Intercept.to.3layhid1   8.683567e-01
2layhid1.to.3layhid1    5.020791e-01
2layhid2.to.3layhid1   -4.169411e-01
2layhid3.to.3layhid1   -1.040143e-01
2layhid4.to.3layhid1    2.658249e-02
2layhid5.to.3layhid1   -9.406294e-01
2layhid6.to.3layhid1   -1.291604e+00
2layhid7.to.3layhid1    1.996438e-01
2layhid8.to.3layhid1    2.531120e+00
2layhid9.to.3layhid1   -2.563107e-02
2layhid10.to.3layhid1  -2.396705e+00
Intercept.to.3layhid2  -6.005484e-01
2layhid1.to.3layhid2   -3.052732e-01
2layhid2.to.3layhid2   -4.723927e-01
2layhid3.to.3layhid2   -3.008124e-01
2layhid4.to.3layhid2    1.756724e-01
2layhid5.to.3layhid2    8.669563e-01
2layhid6.to.3layhid2   -1.490482e+00
2layhid7.to.3layhid2    1.274437e+00
2layhid8.to.3layhid2    3.840194e-01
2layhid9.to.3layhid2    2.244512e-01
2layhid10.to.3layhid2  -5.455351e-02
Intercept.to.3layhid3   2.021722e+00
2layhid1.to.3layhid3   -2.346828e+00
2layhid2.to.3layhid3    5.423471e-01
2layhid3.to.3layhid3   -5.212960e-01
2layhid4.to.3layhid3    8.480007e-01
2layhid5.to.3layhid3   -4.776593e-01
2layhid6.to.3layhid3   -4.893552e-01
2layhid7.to.3layhid3   -4.284312e-01
2layhid8.to.3layhid3    5.372977e-01
2layhid9.to.3layhid3   -6.525391e-01
2layhid10.to.3layhid3   1.413281e+00
Intercept.to.3layhid4   1.780007e-01
2layhid1.to.3layhid4    9.101714e-01
2layhid2.to.3layhid4    2.536769e-01
2layhid3.to.3layhid4    4.253566e-01
2layhid4.to.3layhid4    6.595959e-01
2layhid5.to.3layhid4   -9.606400e-01
2layhid6.to.3layhid4    1.989874e+00
2layhid7.to.3layhid4    9.923715e-01
2layhid8.to.3layhid4    4.982578e-01
2layhid9.to.3layhid4    1.175681e+00
2layhid10.to.3layhid4  -1.787424e+00
Intercept.to.3layhid5  -8.734133e-02
2layhid1.to.3layhid5    1.422575e-01
2layhid2.to.3layhid5    1.241667e+00
2layhid3.to.3layhid5   -2.359150e+00
2layhid4.to.3layhid5   -1.153475e+00
2layhid5.to.3layhid5   -3.035737e-01
2layhid6.to.3layhid5   -6.033667e-01
2layhid7.to.3layhid5   -1.180727e-01
2layhid8.to.3layhid5   -1.069846e+00
2layhid9.to.3layhid5   -1.291235e-01
2layhid10.to.3layhid5  -5.499022e-01
Intercept.to.3layhid6   1.320167e+00
2layhid1.to.3layhid6   -5.354348e-01
2layhid2.to.3layhid6    1.846232e+00
2layhid3.to.3layhid6    4.431155e-01
2layhid4.to.3layhid6    5.064553e-01
2layhid5.to.3layhid6   -1.264497e+00
2layhid6.to.3layhid6   -9.873090e-01
2layhid7.to.3layhid6   -1.257563e+00
2layhid8.to.3layhid6    8.147854e-01
2layhid9.to.3layhid6    8.036463e-01
2layhid10.to.3layhid6   7.797111e-01
Intercept.to.3layhid7  -2.477450e-01
2layhid1.to.3layhid7    4.395796e-02
2layhid2.to.3layhid7   -5.188781e-02
2layhid3.to.3layhid7    6.242221e-01
2layhid4.to.3layhid7   -7.659990e-01
2layhid5.to.3layhid7   -2.647460e+00
2layhid6.to.3layhid7    1.820593e+00
2layhid7.to.3layhid7    1.058094e+00
2layhid8.to.3layhid7    2.232946e-01
2layhid9.to.3layhid7   -1.845665e-01
2layhid10.to.3layhid7   9.763762e-01
Intercept.to.3layhid8  -1.178867e+00
2layhid1.to.3layhid8    1.255511e+00
2layhid2.to.3layhid8   -1.338919e+00
2layhid3.to.3layhid8   -7.538271e-01
2layhid4.to.3layhid8    1.984430e+00
2layhid5.to.3layhid8    2.785908e-01
2layhid6.to.3layhid8   -2.949085e-02
2layhid7.to.3layhid8   -2.350645e-01
2layhid8.to.3layhid8   -1.166501e+00
2layhid9.to.3layhid8    1.671181e-01
2layhid10.to.3layhid8  -1.716969e+00
Intercept.to.3layhid9   8.278430e-01
2layhid1.to.3layhid9   -2.324314e+00
2layhid2.to.3layhid9    4.665451e-01
2layhid3.to.3layhid9   -5.944683e-01
2layhid4.to.3layhid9    3.291535e+00
2layhid5.to.3layhid9   -2.615775e-01
2layhid6.to.3layhid9    1.680514e+00
2layhid7.to.3layhid9   -4.353769e-01
2layhid8.to.3layhid9   -1.309935e+00
2layhid9.to.3layhid9   -2.871361e+00
2layhid10.to.3layhid9   1.206537e+00
Intercept.to.3layhid10  1.025248e+00
2layhid1.to.3layhid10  -7.296592e-01
2layhid2.to.3layhid10   1.042002e+00
2layhid3.to.3layhid10   3.764768e-01
2layhid4.to.3layhid10  -6.894958e-01
2layhid5.to.3layhid10   1.753156e+00
2layhid6.to.3layhid10   2.923467e-01
2layhid7.to.3layhid10  -1.123373e-02
2layhid8.to.3layhid10  -1.033247e+00
2layhid9.to.3layhid10   1.048805e+00
2layhid10.to.3layhid10 -1.968864e-01
Intercept.to.y          9.617474e-01
3layhid1.to.y           2.298904e-01
3layhid2.to.y           2.279553e-01
3layhid3.to.y          -6.688665e-01
3layhid4.to.y          -9.102911e-01
3layhid5.to.y          -6.060081e-02
3layhid6.to.y          -2.774052e-02
3layhid7.to.y           4.383571e-01
3layhid8.to.y           2.219896e+00
3layhid9.to.y          -1.016411e+00
3layhid10.to.y          8.909922e-01

attr(,"class")
[1] "nn"
> 
> #Plot the neural network
> plot(net.myfunction)
> 
> #Test the neural network on some training data
> testdata <- as.data.frame(1:10) 
> net.results <- compute(net.myfunction, testdata) #Run them through the neural network
> 
> #Lets see what properties net.sqrt has
> ls(net.results)
[1] "net.result" "neurons"   
> 
> #Lets see the results
> print(net.results$net.result)
           [,1]
 [1,] 0.9509072
 [2,] 2.1633786
 [3,] 2.3188801
 [4,] 2.3406680
 [5,] 2.3410104
 [6,] 2.3371449
 [7,] 2.3324851
 [8,] 2.3278518
 [9,] 2.3235022
[10,] 2.3195386
> 
> #Lets display a better version of the results
> cleanoutput <- cbind(testdata,my_function(testdata),
+                      as.data.frame(net.results$net.result))
> colnames(cleanoutput) <- c("Input","Expected Output","Neural Net Output")
> print(cleanoutput)
   Input Expected Output Neural Net Output
1      1               3         0.9509072
2      2              12         2.1633786
3      3              33         2.3188801
4      4              72         2.3406680
5      5             135         2.3410104
6      6             228         2.3371449
7      7             357         2.3324851
8      8             528         2.3278518
9      9             747         2.3235022
10    10            1020         2.319